MO Demun_4x1 NULL "C:/non - window/REMOTE GIT/Digital-Electronics/Combinational_Logic/1x4_Demux/Demun_4x1.v" vlg21/_demun__4x1.bin 1658204680
MO demux_4x1_tb_v NULL "C:/non - window/REMOTE GIT/Digital-Electronics/Combinational_Logic/1x4_Demux/demux_4x1_tb.v" vlg5D/demux__4x1__tb__v.bin 1658204680
MO glbl NULL C:/Xilinx92i/verilog/src/glbl.v vlg2D/glbl.bin 1658204680
