MO glbl NULL C:/Xilinx92i/verilog/src/glbl.v vlg2D/glbl.bin 1658309054
MO pattern_detector_52_tb_v NULL "C:/non - window/REMOTE GIT/Digital-Electronics/Pattern_Detector/PD_110100/pattern_detector_52_tb.v" vlg2B/pattern__detector__52__tb__v.bin 1658320435
MO pattern_detector_52 NULL "C:/non - window/REMOTE GIT/Digital-Electronics/Pattern_Detector/PD_110100/pattern_detector_52.v" vlg01/pattern__detector__52.bin 1658319690
