MO deocder_4x16 NULL "C:/non - window/REMOTE GIT/Digital-Electronics/Combinational_Logic/Decoder_4x16/deocder_4x16.v" vlg50/deocder__4x16.bin 1658206338
MO glbl NULL C:/Xilinx92i/verilog/src/glbl.v vlg2D/glbl.bin 1658206338
MO decoder_4x16_tb_v NULL "C:/non - window/REMOTE GIT/Digital-Electronics/Combinational_Logic/Decoder_4x16/decoder_4x16_tb.v" vlg16/decoder__4x16__tb__v.bin 1658206412
