MO SeqDect_1001_tb_v NULL "C:/non - window/REMOTE GIT/Digital-Electronics/Sequence_Detector/SD_1001/SeqDect_1001_tb.v" vlg28/_seq_dect__1001__tb__v.bin 1658301189
MO glbl NULL C:/Xilinx92i/verilog/src/glbl.v vlg2D/glbl.bin 1658300316
MO SeqDect_1001 NULL "C:/non - window/REMOTE GIT/Digital-Electronics/Sequence_Detector/SD_1001/SeqDect_1001.v" vlg2A/_seq_dect__1001.bin 1658300315
