MO D_FF NULL "C:/non - window/REMOTE GIT/Digital-Electronics/Flops and Latches/D_FlipFlop_Async_RST/D_FF.v" vlg1F/_d___f_f.bin 1658030327
MO glbl NULL C:/Xilinx92i/verilog/src/glbl.v vlg2D/glbl.bin 1657984121
MO D_FF_tb_v NULL "C:/non - window/REMOTE GIT/Digital-Electronics/Flops and Latches/D_FlipFlop_Async_RST/D_FF_tb.v" vlg61/_d___f_f__tb__v.bin 1658030424
