MO full_adder_tb_v NULL "C:/non - window/REMOTE GIT/Digital-Electronics/Combinational_Logic/Full_Adder/full_adder_tb.v" vlg18/full__adder__tb__v.bin 1658203729
MO Full_adder NULL "C:/non - window/REMOTE GIT/Digital-Electronics/Combinational_Logic/Full_Adder/Full_adder.v" vlg3A/_full__adder.bin 1658203479
MO glbl NULL C:/Xilinx92i/verilog/src/glbl.v vlg2D/glbl.bin 1658203480
