MO modulo_10_tb_v NULL "C:/non - window/REMOTE GIT/Digital-Electronics/Counters/Modulo_10/modulo_10_tb.v" vlg2E/modulo__10__tb__v.bin 1658213404
MO glbl NULL C:/Xilinx92i/verilog/src/glbl.v vlg2D/glbl.bin 1658213404
MO Modulo_10 NULL "C:/non - window/REMOTE GIT/Digital-Electronics/Counters/Modulo_10/Modulo_10.v" vlg38/_modulo__10.bin 1658213404
