MO T_FF_tb_v NULL "C:/non - window/REMOTE GIT/Digital-Electronics/Flops and Latches/toggle_FlipFlop/T_FF_tb.v" vlg71/_t___f_f__tb__v.bin 1658038932
MO glbl NULL C:/Xilinx92i/verilog/src/glbl.v vlg2D/glbl.bin 1658038932
MO T_FF NULL "C:/non - window/REMOTE GIT/Digital-Electronics/Flops and Latches/toggle_FlipFlop/T_FF.v" vlg6F/_t___f_f.bin 1658038932
