MO JK_FlipFlop_01_tb_v NULL "C:/non - window/REMOTE GIT/Digital-Electronics/Flops and Latches/JK_Flip_Flop/JK_FlipFlop_01_tb.v" vlg2A/_j_k___flip_flop__01__tb__v.bin 1658211976
MO JK_FF NULL "C:/non - window/REMOTE GIT/Digital-Electronics/Flops and Latches/JK_Flip_Flop/JK_FF.v" vlg34/_j_k___f_f.bin 1657980509
MO glbl NULL C:/Xilinx92i/verilog/src/glbl.v vlg2D/glbl.bin 1657980509
MO JK_FlipFlop_01 NULL "C:/non - window/REMOTE GIT/Digital-Electronics/Flops and Latches/JK_Flip_Flop/JK_FlipFlop_01.v" vlg64/_j_k___flip_flop__01.bin 1658211800
MO JK_tb_v NULL "C:/non - window/REMOTE GIT/Digital-Electronics/Flops and Latches/JK_Flip_Flop/JK_tb.v" vlg17/_j_k__tb__v.bin 1657983127
