MO half_adder NULL "C:/non - window/REMOTE GIT/Digital-Electronics/Combinational_Logic/Half_Adder/half_adder.v" vlg5A/half__adder.bin 1658200931
MO half_adder_tb_v NULL "C:/non - window/REMOTE GIT/Digital-Electronics/Combinational_Logic/Half_Adder/half_adder_tb.v" vlg18/half__adder__tb__v.bin 1658200931
MO glbl NULL C:/Xilinx92i/verilog/src/glbl.v vlg2D/glbl.bin 1658200931
