MO JK_FF NULL "C:/non - window/REMOTE GIT/Digital-Electronics/Flops and Latches/JK_Flip_Flop/JK_FF.v" vlg34/_j_k___f_f.bin 1657983123
MO glbl NULL C:/Xilinx92i/verilog/src/glbl.v vlg2D/glbl.bin 1657983123
MO JK_tb_v NULL "C:/non - window/REMOTE GIT/Digital-Electronics/Flops and Latches/JK_Flip_Flop/JK_tb.v" vlg17/_j_k__tb__v.bin 1657983123
