MO D_LATCH_tb_v NULL "C:/non - window/REMOTE GIT/Digital-Electronics/Flops and Latches/D_Latch/D_LATCH_tb.v" vlg35/_d___l_a_t_c_h__tb__v.bin 1658053508
MO D_LATCH NULL "C:/non - window/REMOTE GIT/Digital-Electronics/Flops and Latches/D_Latch/D_LATCH.v" vlg23/_d___l_a_t_c_h.bin 1658052192
MO glbl NULL C:/Xilinx92i/verilog/src/glbl.v vlg2D/glbl.bin 1658052193
